[INFO] Scanning for projects...
[INFO] 
[INFO] -------------------------< com.example:Gemini >-------------------------
[INFO] Building Gemini 0.0.1-SNAPSHOT
[INFO]   from pom.xml
[INFO] --------------------------------[ jar ]---------------------------------
[INFO] 
[INFO] --- clean:3.5.0:clean (default-clean) @ Gemini ---
[INFO] Deleting C:\Users\Ansh\IdeaProjects\Gemini\target
[INFO] 
[INFO] --- resources:3.3.1:resources (default-resources) @ Gemini ---
[INFO] Copying 1 resource from src\main\resources to target\classes
[INFO] Copying 0 resource from src\main\resources to target\classes
[INFO] 
[INFO] --- compiler:3.14.1:compile (default-compile) @ Gemini ---
[INFO] Recompiling the module because of changed source code.
[INFO] Compiling 5 source files with javac [debug parameters release 21] to target\classes
[INFO] -------------------------------------------------------------
[ERROR] COMPILATION ERROR : 
[INFO] -------------------------------------------------------------
[ERROR] /C:/Users/Ansh/IdeaProjects/Gemini/src/main/java/com/example/gemini/service/GeminiService.java:[5,38] package com.fasterxml.jackson.databind does not exist
[ERROR] /C:/Users/Ansh/IdeaProjects/Gemini/src/main/java/com/example/gemini/service/GeminiService.java:[6,38] package com.fasterxml.jackson.databind does not exist
[INFO] 2 errors 
[INFO] -------------------------------------------------------------
[INFO] ------------------------------------------------------------------------
[INFO] BUILD FAILURE
[INFO] ------------------------------------------------------------------------
[INFO] Total time:  2.348 s
[INFO] Finished at: 2026-02-09T14:55:11+05:30
[INFO] ------------------------------------------------------------------------
[ERROR] Failed to execute goal org.apache.maven.plugins:maven-compiler-plugin:3.14.1:compile (default-compile) on project Gemini: Compilation failure: Compilation failure: 
[ERROR] /C:/Users/Ansh/IdeaProjects/Gemini/src/main/java/com/example/gemini/service/GeminiService.java:[5,38] package com.fasterxml.jackson.databind does not exist
[ERROR] /C:/Users/Ansh/IdeaProjects/Gemini/src/main/java/com/example/gemini/service/GeminiService.java:[6,38] package com.fasterxml.jackson.databind does not exist
[ERROR] -> [Help 1]
[ERROR] 
[ERROR] To see the full stack trace of the errors, re-run Maven with the -e switch.
[ERROR] Re-run Maven using the -X switch to enable full debug logging.
[ERROR] 
[ERROR] For more information about the errors and possible solutions, please read the following articles:
[ERROR] [Help 1] http://cwiki.apache.org/confluence/display/MAVEN/MojoFailureException
